#-----------------------------------------------------------
# Vivado v2022.1 (64-bit)
# SW Build 3526262 on Mon Apr 18 15:47:01 MDT 2022
# IP Build 3524634 on Mon Apr 18 20:55:01 MDT 2022
# Start of session at: Mon Oct 30 12:14:12 2023
# Process ID: 6088
# Current directory: /user/didouha/E4/P1/SEI_4101A/TP_BLUETOOTH/emission/impl/tp_bluetooth_reception
# Command line: vivado
# Log file: /user/didouha/E4/P1/SEI_4101A/TP_BLUETOOTH/emission/impl/tp_bluetooth_reception/vivado.log
# Journal file: /user/didouha/E4/P1/SEI_4101A/TP_BLUETOOTH/emission/impl/tp_bluetooth_reception/vivado.jou
# Running On: pc3401a, OS: Linux, CPU Frequency: 900.076 MHz, CPU Physical cores: 8, Host memory: 16538 MB
#-----------------------------------------------------------
start_gui
open_project /user/didouha/E4/P1/SEI_4101A/TP_BLUETOOTH/emission/impl/tp_bluetooth_reception/tp_bluetooth_reception.xpr
update_compile_order -fileset sources_1
reset_run impl_1 -prev_step 
launch_runs impl_1 -to_step write_bitstream -jobs 16
wait_on_run impl_1
open_hw_manager
connect_hw_server -allow_non_jtag
open_hw_target
set_property PROGRAM.FILE {/user/didouha/E4/P1/SEI_4101A/TP_BLUETOOTH/emission/impl/tp_bluetooth_reception/tp_bluetooth_reception.runs/impl_1/reception.bit} [get_hw_devices xc7a35t_0]
current_hw_device [get_hw_devices xc7a35t_0]
refresh_hw_device -update_hw_probes false [lindex [get_hw_devices xc7a35t_0] 0]
set_property PROBES.FILE {} [get_hw_devices xc7a35t_0]
set_property FULL_PROBES.FILE {} [get_hw_devices xc7a35t_0]
set_property PROGRAM.FILE {/user/didouha/E4/P1/SEI_4101A/TP_BLUETOOTH/emission/impl/tp_bluetooth_reception/tp_bluetooth_reception.runs/impl_1/reception.bit} [get_hw_devices xc7a35t_0]
program_hw_devices [get_hw_devices xc7a35t_0]
refresh_hw_device [lindex [get_hw_devices xc7a35t_0] 0]
